PROBE BufferedReader.__new__ flush
PROBE BufferedReader.__new__ close
PROBE BufferedReader.__new__ detach
PROBE BufferedReader.__new__ seekable
PROBE BufferedReader.__new__ readable
PROBE BufferedReader.__new__ writable
PROBE BufferedReader.__new__ fileno
PROBE BufferedReader.__new__ isatty
PROBE BufferedReader.__new__ tell
PROBE BufferedReader.__new__ seek0
PROBE BufferedReader.__new__ truncate
PROBE BufferedReader.__new__ read
PROBE BufferedReader.__new__ read1
PROBE BufferedReader.__new__ readline
PROBE BufferedReader.__new__ readlines
PROBE BufferedReader.__new__ peek
PROBE BufferedReader.__new__ readinto
PROBE BufferedReader.__new__ write
PROBE BufferedReader.__new__ writestr
PROBE BufferedReader.__new__ writelines
PROBE BufferedReader.__new__ iter
PROBE BufferedReader.__new__ repr
PROBE BufferedReader.__new__ name
PROBE BufferedReader.__new__ mode
PROBE BufferedReader.__new__ closed
PROBE BufferedReader.__new__ raw
PROBE BufferedReader.__new__ buffer
PROBE BufferedReader.__new__ encoding
PROBE BufferedReader.__new__ errors
PROBE BufferedReader.__new__ newlines
PROBE BufferedReader.__new__ line_buffering
PROBE BufferedReader.__new__ chunk_size
PROBE BufferedReader.__new__ chunk_size_set
PROBE BufferedReader.__new__ reconfigure_nl
PROBE BufferedReader.__new__ reconfigure_enc
PROBE BufferedReader.__new__ getvalue
PROBE BufferedReader.__new__ getbuffer
PROBE BufferedReader.__new__ decode
PROBE BufferedReader.__new__ getstate
PROBE BufferedReader.__new__ setstate
PROBE BufferedReader.__new__ reset
PROBE BufferedReader.__new__ getstate_nl
PROBE BufferedReader.__new__ reduce
PROBE BufferedReader.__new__ sizeof
PROBE BufferedReader.__new__ del
PROBE BufferedReader.subclass flush
PROBE BufferedReader.subclass close
PROBE BufferedReader.subclass detach
PROBE BufferedReader.subclass seekable
PROBE BufferedReader.subclass readable
PROBE BufferedReader.subclass writable
PROBE BufferedReader.subclass fileno
PROBE BufferedReader.subclass isatty
PROBE BufferedReader.subclass tell
PROBE BufferedReader.subclass seek0
PROBE BufferedReader.subclass truncate
PROBE BufferedReader.subclass read
PROBE BufferedReader.subclass read1
PROBE BufferedReader.subclass readline
PROBE BufferedReader.subclass readlines
PROBE BufferedReader.subclass peek
PROBE BufferedReader.subclass readinto
PROBE BufferedReader.subclass write
PROBE BufferedReader.subclass writestr
PROBE BufferedReader.subclass writelines
PROBE BufferedReader.subclass iter
PROBE BufferedReader.subclass repr
PROBE BufferedReader.subclass name
PROBE BufferedReader.subclass mode
PROBE BufferedReader.subclass closed
PROBE BufferedReader.subclass raw
PROBE BufferedReader.subclass buffer
PROBE BufferedReader.subclass encoding
PROBE BufferedReader.subclass errors
PROBE BufferedReader.subclass newlines
PROBE BufferedReader.subclass line_buffering
PROBE BufferedReader.subclass chunk_size
PROBE BufferedReader.subclass chunk_size_set
PROBE BufferedReader.subclass reconfigure_nl
PROBE BufferedReader.subclass reconfigure_enc
PROBE BufferedReader.subclass getvalue
PROBE BufferedReader.subclass getbuffer
PROBE BufferedReader.subclass decode
PROBE BufferedReader.subclass getstate
PROBE BufferedReader.subclass setstate
PROBE BufferedReader.subclass reset
PROBE BufferedReader.subclass getstate_nl
PROBE BufferedReader.subclass reduce
PROBE BufferedReader.subclass sizeof
PROBE BufferedReader.subclass del
PROBE BufferedWriter.__new__ flush
PROBE BufferedWriter.__new__ close
PROBE BufferedWriter.__new__ detach
PROBE BufferedWriter.__new__ seekable
PROBE BufferedWriter.__new__ readable
PROBE BufferedWriter.__new__ writable
PROBE BufferedWriter.__new__ fileno
PROBE BufferedWriter.__new__ isatty
PROBE BufferedWriter.__new__ tell
PROBE BufferedWriter.__new__ seek0
PROBE BufferedWriter.__new__ truncate
PROBE BufferedWriter.__new__ read
PROBE BufferedWriter.__new__ read1
PROBE BufferedWriter.__new__ readline
PROBE BufferedWriter.__new__ readlines
PROBE BufferedWriter.__new__ peek
PROBE BufferedWriter.__new__ readinto
PROBE BufferedWriter.__new__ write
PROBE BufferedWriter.__new__ writestr
PROBE BufferedWriter.__new__ writelines
PROBE BufferedWriter.__new__ iter
PROBE BufferedWriter.__new__ repr
PROBE BufferedWriter.__new__ name
PROBE BufferedWriter.__new__ mode
PROBE BufferedWriter.__new__ closed
PROBE BufferedWriter.__new__ raw
PROBE BufferedWriter.__new__ buffer
PROBE BufferedWriter.__new__ encoding
PROBE BufferedWriter.__new__ errors
PROBE BufferedWriter.__new__ newlines
PROBE BufferedWriter.__new__ line_buffering
PROBE BufferedWriter.__new__ chunk_size
PROBE BufferedWriter.__new__ chunk_size_set
PROBE BufferedWriter.__new__ reconfigure_nl
PROBE BufferedWriter.__new__ reconfigure_enc
PROBE BufferedWriter.__new__ getvalue
PROBE BufferedWriter.__new__ getbuffer
PROBE BufferedWriter.__new__ decode
PROBE BufferedWriter.__new__ getstate
PROBE BufferedWriter.__new__ setstate
PROBE BufferedWriter.__new__ reset
PROBE BufferedWriter.__new__ getstate_nl
PROBE BufferedWriter.__new__ reduce
PROBE BufferedWriter.__new__ sizeof
PROBE BufferedWriter.__new__ del
PROBE BufferedWriter.subclass flush
PROBE BufferedWriter.subclass close
PROBE BufferedWriter.subclass detach
PROBE BufferedWriter.subclass seekable
PROBE BufferedWriter.subclass readable
PROBE BufferedWriter.subclass writable
PROBE BufferedWriter.subclass fileno
PROBE BufferedWriter.subclass isatty
PROBE BufferedWriter.subclass tell
PROBE BufferedWriter.subclass seek0
PROBE BufferedWriter.subclass truncate
PROBE BufferedWriter.subclass read
PROBE BufferedWriter.subclass read1
PROBE BufferedWriter.subclass readline
PROBE BufferedWriter.subclass readlines
PROBE BufferedWriter.subclass peek
PROBE BufferedWriter.subclass readinto
PROBE BufferedWriter.subclass write
PROBE BufferedWriter.subclass writestr
PROBE BufferedWriter.subclass writelines
PROBE BufferedWriter.subclass iter
PROBE BufferedWriter.subclass repr
PROBE BufferedWriter.subclass name
PROBE BufferedWriter.subclass mode
PROBE BufferedWriter.subclass closed
PROBE BufferedWriter.subclass raw
PROBE BufferedWriter.subclass buffer
PROBE BufferedWriter.subclass encoding
PROBE BufferedWriter.subclass errors
PROBE BufferedWriter.subclass newlines
PROBE BufferedWriter.subclass line_buffering
PROBE BufferedWriter.subclass chunk_size
PROBE BufferedWriter.subclass chunk_size_set
PROBE BufferedWriter.subclass reconfigure_nl
PROBE BufferedWriter.subclass reconfigure_enc
PROBE BufferedWriter.subclass getvalue
PROBE BufferedWriter.subclass getbuffer
PROBE BufferedWriter.subclass decode
PROBE BufferedWriter.subclass getstate
PROBE BufferedWriter.subclass setstate
PROBE BufferedWriter.subclass reset
PROBE BufferedWriter.subclass getstate_nl
PROBE BufferedWriter.subclass reduce
PROBE BufferedWriter.subclass sizeof
PROBE BufferedWriter.subclass del
PROBE BufferedRandom.__new__ flush
PROBE BufferedRandom.__new__ close
PROBE BufferedRandom.__new__ detach
PROBE BufferedRandom.__new__ seekable
PROBE BufferedRandom.__new__ readable
PROBE BufferedRandom.__new__ writable
PROBE BufferedRandom.__new__ fileno
PROBE BufferedRandom.__new__ isatty
PROBE BufferedRandom.__new__ tell
PROBE BufferedRandom.__new__ seek0
PROBE BufferedRandom.__new__ truncate
PROBE BufferedRandom.__new__ read
PROBE BufferedRandom.__new__ read1
PROBE BufferedRandom.__new__ readline
PROBE BufferedRandom.__new__ readlines
PROBE BufferedRandom.__new__ peek
PROBE BufferedRandom.__new__ readinto
PROBE BufferedRandom.__new__ write
PROBE BufferedRandom.__new__ writestr
PROBE BufferedRandom.__new__ writelines
PROBE BufferedRandom.__new__ iter
PROBE BufferedRandom.__new__ repr
PROBE BufferedRandom.__new__ name
PROBE BufferedRandom.__new__ mode
PROBE BufferedRandom.__new__ closed
PROBE BufferedRandom.__new__ raw
PROBE BufferedRandom.__new__ buffer
PROBE BufferedRandom.__new__ encoding
PROBE BufferedRandom.__new__ errors
PROBE BufferedRandom.__new__ newlines
PROBE BufferedRandom.__new__ line_buffering
PROBE BufferedRandom.__new__ chunk_size
PROBE BufferedRandom.__new__ chunk_size_set
PROBE BufferedRandom.__new__ reconfigure_nl
PROBE BufferedRandom.__new__ reconfigure_enc
PROBE BufferedRandom.__new__ getvalue
PROBE BufferedRandom.__new__ getbuffer
PROBE BufferedRandom.__new__ decode
PROBE BufferedRandom.__new__ getstate
PROBE BufferedRandom.__new__ setstate
PROBE BufferedRandom.__new__ reset
PROBE BufferedRandom.__new__ getstate_nl
PROBE BufferedRandom.__new__ reduce
PROBE BufferedRandom.__new__ sizeof
PROBE BufferedRandom.__new__ del
PROBE BufferedRandom.subclass flush
PROBE BufferedRandom.subclass close
PROBE BufferedRandom.subclass detach
PROBE BufferedRandom.subclass seekable
PROBE BufferedRandom.subclass readable
PROBE BufferedRandom.subclass writable
PROBE BufferedRandom.subclass fileno
PROBE BufferedRandom.subclass isatty
PROBE BufferedRandom.subclass tell
PROBE BufferedRandom.subclass seek0
PROBE BufferedRandom.subclass truncate
PROBE BufferedRandom.subclass read
PROBE BufferedRandom.subclass read1
PROBE BufferedRandom.subclass readline
PROBE BufferedRandom.subclass readlines
PROBE BufferedRandom.subclass peek
PROBE BufferedRandom.subclass readinto
PROBE BufferedRandom.subclass write
PROBE BufferedRandom.subclass writestr
PROBE BufferedRandom.subclass writelines
PROBE BufferedRandom.subclass iter
PROBE BufferedRandom.subclass repr
PROBE BufferedRandom.subclass name
PROBE BufferedRandom.subclass mode
PROBE BufferedRandom.subclass closed
PROBE BufferedRandom.subclass raw
PROBE BufferedRandom.subclass buffer
PROBE BufferedRandom.subclass encoding
PROBE BufferedRandom.subclass errors
PROBE BufferedRandom.subclass newlines
PROBE BufferedRandom.subclass line_buffering
PROBE BufferedRandom.subclass chunk_size
PROBE BufferedRandom.subclass chunk_size_set
PROBE BufferedRandom.subclass reconfigure_nl
PROBE BufferedRandom.subclass reconfigure_enc
PROBE BufferedRandom.subclass getvalue
PROBE BufferedRandom.subclass getbuffer
PROBE BufferedRandom.subclass decode
PROBE BufferedRandom.subclass getstate
PROBE BufferedRandom.subclass setstate
PROBE BufferedRandom.subclass reset
PROBE BufferedRandom.subclass getstate_nl
PROBE BufferedRandom.subclass reduce
PROBE BufferedRandom.subclass sizeof
PROBE BufferedRandom.subclass del
PROBE BufferedRWPair.__new__ flush
PROBE BufferedRWPair.__new__ close
PROBE BufferedRWPair.__new__ detach
PROBE BufferedRWPair.__new__ seekable
PROBE BufferedRWPair.__new__ readable
PROBE BufferedRWPair.__new__ writable
PROBE BufferedRWPair.__new__ fileno
PROBE BufferedRWPair.__new__ isatty
PROBE BufferedRWPair.__new__ tell
PROBE BufferedRWPair.__new__ seek0
PROBE BufferedRWPair.__new__ truncate
PROBE BufferedRWPair.__new__ read
PROBE BufferedRWPair.__new__ read1
PROBE BufferedRWPair.__new__ readline
PROBE BufferedRWPair.__new__ readlines
PROBE BufferedRWPair.__new__ peek
PROBE BufferedRWPair.__new__ readinto
PROBE BufferedRWPair.__new__ write
PROBE BufferedRWPair.__new__ writestr
PROBE BufferedRWPair.__new__ writelines
PROBE BufferedRWPair.__new__ iter
PROBE BufferedRWPair.__new__ repr
PROBE BufferedRWPair.__new__ name
PROBE BufferedRWPair.__new__ mode
PROBE BufferedRWPair.__new__ closed
PROBE BufferedRWPair.__new__ raw
PROBE BufferedRWPair.__new__ buffer
PROBE BufferedRWPair.__new__ encoding
PROBE BufferedRWPair.__new__ errors
PROBE BufferedRWPair.__new__ newlines
PROBE BufferedRWPair.__new__ line_buffering
PROBE BufferedRWPair.__new__ chunk_size
PROBE BufferedRWPair.__new__ chunk_size_set
PROBE BufferedRWPair.__new__ reconfigure_nl
PROBE BufferedRWPair.__new__ reconfigure_enc
PROBE BufferedRWPair.__new__ getvalue
PROBE BufferedRWPair.__new__ getbuffer
PROBE BufferedRWPair.__new__ decode
PROBE BufferedRWPair.__new__ getstate
PROBE BufferedRWPair.__new__ setstate
PROBE BufferedRWPair.__new__ reset
PROBE BufferedRWPair.__new__ getstate_nl
PROBE BufferedRWPair.__new__ reduce
PROBE BufferedRWPair.__new__ sizeof
PROBE BufferedRWPair.__new__ del
PROBE BufferedRWPair.subclass flush
PROBE BufferedRWPair.subclass close
PROBE BufferedRWPair.subclass detach
PROBE BufferedRWPair.subclass seekable
PROBE BufferedRWPair.subclass readable
PROBE BufferedRWPair.subclass writable
PROBE BufferedRWPair.subclass fileno
PROBE BufferedRWPair.subclass isatty
PROBE BufferedRWPair.subclass tell
PROBE BufferedRWPair.subclass seek0
PROBE BufferedRWPair.subclass truncate
PROBE BufferedRWPair.subclass read
PROBE BufferedRWPair.subclass read1
PROBE BufferedRWPair.subclass readline
PROBE BufferedRWPair.subclass readlines
PROBE BufferedRWPair.subclass peek
PROBE BufferedRWPair.subclass readinto
PROBE BufferedRWPair.subclass write
PROBE BufferedRWPair.subclass writestr
PROBE BufferedRWPair.subclass writelines
PROBE BufferedRWPair.subclass iter
PROBE BufferedRWPair.subclass repr
PROBE BufferedRWPair.subclass name
PROBE BufferedRWPair.subclass mode
PROBE BufferedRWPair.subclass closed
PROBE BufferedRWPair.subclass raw
PROBE BufferedRWPair.subclass buffer
PROBE BufferedRWPair.subclass encoding
PROBE BufferedRWPair.subclass errors
PROBE BufferedRWPair.subclass newlines
PROBE BufferedRWPair.subclass line_buffering
PROBE BufferedRWPair.subclass chunk_size
PROBE BufferedRWPair.subclass chunk_size_set
PROBE BufferedRWPair.subclass reconfigure_nl
PROBE BufferedRWPair.subclass reconfigure_enc
PROBE BufferedRWPair.subclass getvalue
PROBE BufferedRWPair.subclass getbuffer
PROBE BufferedRWPair.subclass decode
PROBE BufferedRWPair.subclass getstate
PROBE BufferedRWPair.subclass setstate
PROBE BufferedRWPair.subclass reset
PROBE BufferedRWPair.subclass getstate_nl
PROBE BufferedRWPair.subclass reduce
PROBE BufferedRWPair.subclass sizeof
PROBE BufferedRWPair.subclass del
PROBE TextIOWrapper.__new__ flush
PROBE TextIOWrapper.__new__ close
PROBE TextIOWrapper.__new__ detach
PROBE TextIOWrapper.__new__ seekable
PROBE TextIOWrapper.__new__ readable
PROBE TextIOWrapper.__new__ writable
PROBE TextIOWrapper.__new__ fileno
PROBE TextIOWrapper.__new__ isatty
PROBE TextIOWrapper.__new__ tell
PROBE TextIOWrapper.__new__ seek0
PROBE TextIOWrapper.__new__ truncate
PROBE TextIOWrapper.__new__ read
PROBE TextIOWrapper.__new__ read1
PROBE TextIOWrapper.__new__ readline
PROBE TextIOWrapper.__new__ readlines
PROBE TextIOWrapper.__new__ peek
PROBE TextIOWrapper.__new__ readinto
PROBE TextIOWrapper.__new__ write
PROBE TextIOWrapper.__new__ writestr
PROBE TextIOWrapper.__new__ writelines
PROBE TextIOWrapper.__new__ iter
PROBE TextIOWrapper.__new__ repr
PROBE TextIOWrapper.__new__ name
PROBE TextIOWrapper.__new__ mode
PROBE TextIOWrapper.__new__ closed
PROBE TextIOWrapper.__new__ raw
PROBE TextIOWrapper.__new__ buffer
PROBE TextIOWrapper.__new__ encoding
PROBE TextIOWrapper.__new__ errors
PROBE TextIOWrapper.__new__ newlines
PROBE TextIOWrapper.__new__ line_buffering
PROBE TextIOWrapper.__new__ chunk_size
PROBE TextIOWrapper.__new__ chunk_size_set
PROBE TextIOWrapper.__new__ reconfigure_nl
PROBE TextIOWrapper.__new__ reconfigure_enc
PROBE TextIOWrapper.__new__ getvalue
PROBE TextIOWrapper.__new__ getbuffer
PROBE TextIOWrapper.__new__ decode
PROBE TextIOWrapper.__new__ getstate
PROBE TextIOWrapper.__new__ setstate
PROBE TextIOWrapper.__new__ reset
PROBE TextIOWrapper.__new__ getstate_nl
PROBE TextIOWrapper.__new__ reduce
PROBE TextIOWrapper.__new__ sizeof
PROBE TextIOWrapper.__new__ del
PROBE TextIOWrapper.subclass flush
PROBE TextIOWrapper.subclass close
PROBE TextIOWrapper.subclass detach
PROBE TextIOWrapper.subclass seekable
PROBE TextIOWrapper.subclass readable
PROBE TextIOWrapper.subclass writable
PROBE TextIOWrapper.subclass fileno
PROBE TextIOWrapper.subclass isatty
PROBE TextIOWrapper.subclass tell
PROBE TextIOWrapper.subclass seek0
PROBE TextIOWrapper.subclass truncate
PROBE TextIOWrapper.subclass read
PROBE TextIOWrapper.subclass read1
PROBE TextIOWrapper.subclass readline
PROBE TextIOWrapper.subclass readlines
PROBE TextIOWrapper.subclass peek
PROBE TextIOWrapper.subclass readinto
PROBE TextIOWrapper.subclass write
PROBE TextIOWrapper.subclass writestr
PROBE TextIOWrapper.subclass writelines
PROBE TextIOWrapper.subclass iter
PROBE TextIOWrapper.subclass repr
PROBE TextIOWrapper.subclass name
PROBE TextIOWrapper.subclass mode
PROBE TextIOWrapper.subclass closed
PROBE TextIOWrapper.subclass raw
PROBE TextIOWrapper.subclass buffer
PROBE TextIOWrapper.subclass encoding
PROBE TextIOWrapper.subclass errors
PROBE TextIOWrapper.subclass newlines
PROBE TextIOWrapper.subclass line_buffering
PROBE TextIOWrapper.subclass chunk_size
PROBE TextIOWrapper.subclass chunk_size_set
PROBE TextIOWrapper.subclass reconfigure_nl
PROBE TextIOWrapper.subclass reconfigure_enc
PROBE TextIOWrapper.subclass getvalue
PROBE TextIOWrapper.subclass getbuffer
PROBE TextIOWrapper.subclass decode
PROBE TextIOWrapper.subclass getstate
PROBE TextIOWrapper.subclass setstate
PROBE TextIOWrapper.subclass reset
PROBE TextIOWrapper.subclass getstate_nl
PROBE TextIOWrapper.subclass reduce
PROBE TextIOWrapper.subclass sizeof
PROBE TextIOWrapper.subclass del
PROBE IncrementalNewlineDecoder.__new__ flush
PROBE IncrementalNewlineDecoder.__new__ close
PROBE IncrementalNewlineDecoder.__new__ detach
PROBE IncrementalNewlineDecoder.__new__ seekable
PROBE IncrementalNewlineDecoder.__new__ readable
PROBE IncrementalNewlineDecoder.__new__ writable
PROBE IncrementalNewlineDecoder.__new__ fileno
PROBE IncrementalNewlineDecoder.__new__ isatty
PROBE IncrementalNewlineDecoder.__new__ tell
PROBE IncrementalNewlineDecoder.__new__ seek0
PROBE IncrementalNewlineDecoder.__new__ truncate
PROBE IncrementalNewlineDecoder.__new__ read
PROBE IncrementalNewlineDecoder.__new__ read1
PROBE IncrementalNewlineDecoder.__new__ readline
PROBE IncrementalNewlineDecoder.__new__ readlines
PROBE IncrementalNewlineDecoder.__new__ peek
PROBE IncrementalNewlineDecoder.__new__ readinto
PROBE IncrementalNewlineDecoder.__new__ write
PROBE IncrementalNewlineDecoder.__new__ writestr
PROBE IncrementalNewlineDecoder.__new__ writelines
PROBE IncrementalNewlineDecoder.__new__ iter
PROBE IncrementalNewlineDecoder.__new__ repr
PROBE IncrementalNewlineDecoder.__new__ name
PROBE IncrementalNewlineDecoder.__new__ mode
PROBE IncrementalNewlineDecoder.__new__ closed
PROBE IncrementalNewlineDecoder.__new__ raw
PROBE IncrementalNewlineDecoder.__new__ buffer
PROBE IncrementalNewlineDecoder.__new__ encoding
PROBE IncrementalNewlineDecoder.__new__ errors
PROBE IncrementalNewlineDecoder.__new__ newlines
PROBE IncrementalNewlineDecoder.__new__ line_buffering
PROBE IncrementalNewlineDecoder.__new__ chunk_size
PROBE IncrementalNewlineDecoder.__new__ chunk_size_set
PROBE IncrementalNewlineDecoder.__new__ reconfigure_nl
PROBE IncrementalNewlineDecoder.__new__ reconfigure_enc
PROBE IncrementalNewlineDecoder.__new__ getvalue
PROBE IncrementalNewlineDecoder.__new__ getbuffer
PROBE IncrementalNewlineDecoder.__new__ decode
PROBE IncrementalNewlineDecoder.__new__ getstate
PROBE IncrementalNewlineDecoder.__new__ setstate
PROBE IncrementalNewlineDecoder.__new__ reset
PROBE IncrementalNewlineDecoder.__new__ getstate_nl
PROBE IncrementalNewlineDecoder.__new__ reduce
PROBE IncrementalNewlineDecoder.__new__ sizeof
PROBE IncrementalNewlineDecoder.__new__ del
PROBE IncrementalNewlineDecoder.subclass flush
PROBE IncrementalNewlineDecoder.subclass close
PROBE IncrementalNewlineDecoder.subclass detach
PROBE IncrementalNewlineDecoder.subclass seekable
PROBE IncrementalNewlineDecoder.subclass readable
PROBE IncrementalNewlineDecoder.subclass writable
PROBE IncrementalNewlineDecoder.subclass fileno
PROBE IncrementalNewlineDecoder.subclass isatty
PROBE IncrementalNewlineDecoder.subclass tell
PROBE IncrementalNewlineDecoder.subclass seek0
PROBE IncrementalNewlineDecoder.subclass truncate
PROBE IncrementalNewlineDecoder.subclass read
PROBE IncrementalNewlineDecoder.subclass read1
PROBE IncrementalNewlineDecoder.subclass readline
PROBE IncrementalNewlineDecoder.subclass readlines
PROBE IncrementalNewlineDecoder.subclass peek
PROBE IncrementalNewlineDecoder.subclass readinto
PROBE IncrementalNewlineDecoder.subclass write
PROBE IncrementalNewlineDecoder.subclass writestr
PROBE IncrementalNewlineDecoder.subclass writelines
PROBE IncrementalNewlineDecoder.subclass iter
PROBE IncrementalNewlineDecoder.subclass repr
PROBE IncrementalNewlineDecoder.subclass name
PROBE IncrementalNewlineDecoder.subclass mode
PROBE IncrementalNewlineDecoder.subclass closed
PROBE IncrementalNewlineDecoder.subclass raw
PROBE IncrementalNewlineDecoder.subclass buffer
PROBE IncrementalNewlineDecoder.subclass encoding
PROBE IncrementalNewlineDecoder.subclass errors
PROBE IncrementalNewlineDecoder.subclass newlines
PROBE IncrementalNewlineDecoder.subclass line_buffering
PROBE IncrementalNewlineDecoder.subclass chunk_size
PROBE IncrementalNewlineDecoder.subclass chunk_size_set
PROBE IncrementalNewlineDecoder.subclass reconfigure_nl
PROBE IncrementalNewlineDecoder.subclass reconfigure_enc
PROBE IncrementalNewlineDecoder.subclass getvalue
PROBE IncrementalNewlineDecoder.subclass getbuffer
PROBE IncrementalNewlineDecoder.subclass decode
PROBE IncrementalNewlineDecoder.subclass getstate
PROBE IncrementalNewlineDecoder.subclass setstate
PROBE IncrementalNewlineDecoder.subclass reset
PROBE IncrementalNewlineDecoder.subclass getstate_nl
PROBE IncrementalNewlineDecoder.subclass reduce
PROBE IncrementalNewlineDecoder.subclass sizeof
PROBE IncrementalNewlineDecoder.subclass del
PROBE BytesIO.__new__ flush
PROBE BytesIO.__new__ close
PROBE BytesIO.__new__ detach
PROBE BytesIO.__new__ seekable
PROBE BytesIO.__new__ readable
PROBE BytesIO.__new__ writable
PROBE BytesIO.__new__ fileno
PROBE BytesIO.__new__ isatty
PROBE BytesIO.__new__ tell
PROBE BytesIO.__new__ seek0
PROBE BytesIO.__new__ truncate
PROBE BytesIO.__new__ read
PROBE BytesIO.__new__ read1
PROBE BytesIO.__new__ readline
PROBE BytesIO.__new__ readlines
PROBE BytesIO.__new__ peek
PROBE BytesIO.__new__ readinto
PROBE BytesIO.__new__ write
PROBE BytesIO.__new__ writestr
PROBE BytesIO.__new__ writelines
PROBE BytesIO.__new__ iter
PROBE BytesIO.__new__ repr
PROBE BytesIO.__new__ name
PROBE BytesIO.__new__ mode
PROBE BytesIO.__new__ closed
PROBE BytesIO.__new__ raw
PROBE BytesIO.__new__ buffer
PROBE BytesIO.__new__ encoding
PROBE BytesIO.__new__ errors
PROBE BytesIO.__new__ newlines
PROBE BytesIO.__new__ line_buffering
PROBE BytesIO.__new__ chunk_size
PROBE BytesIO.__new__ chunk_size_set
PROBE BytesIO.__new__ reconfigure_nl
PROBE BytesIO.__new__ reconfigure_enc
PROBE BytesIO.__new__ getvalue
PROBE BytesIO.__new__ getbuffer
PROBE BytesIO.__new__ decode
PROBE BytesIO.__new__ getstate
PROBE BytesIO.__new__ setstate
PROBE BytesIO.__new__ reset
PROBE BytesIO.__new__ getstate_nl
PROBE BytesIO.__new__ reduce
PROBE BytesIO.__new__ sizeof
PROBE BytesIO.__new__ del
PROBE BytesIO.subclass flush
PROBE BytesIO.subclass close
PROBE BytesIO.subclass detach
PROBE BytesIO.subclass seekable
PROBE BytesIO.subclass readable
PROBE BytesIO.subclass writable
PROBE BytesIO.subclass fileno
PROBE BytesIO.subclass isatty
PROBE BytesIO.subclass tell
PROBE BytesIO.subclass seek0
PROBE BytesIO.subclass truncate
PROBE BytesIO.subclass read
PROBE BytesIO.subclass read1
PROBE BytesIO.subclass readline
PROBE BytesIO.subclass readlines
PROBE BytesIO.subclass peek
PROBE BytesIO.subclass readinto
PROBE BytesIO.subclass write
PROBE BytesIO.subclass writestr
PROBE BytesIO.subclass writelines
PROBE BytesIO.subclass iter
PROBE BytesIO.subclass repr
PROBE BytesIO.subclass name
PROBE BytesIO.subclass mode
PROBE BytesIO.subclass closed
PROBE BytesIO.subclass raw
PROBE BytesIO.subclass buffer
PROBE BytesIO.subclass encoding
PROBE BytesIO.subclass errors
PROBE BytesIO.subclass newlines
PROBE BytesIO.subclass line_buffering
PROBE BytesIO.subclass chunk_size
PROBE BytesIO.subclass chunk_size_set
PROBE BytesIO.subclass reconfigure_nl
PROBE BytesIO.subclass reconfigure_enc
PROBE BytesIO.subclass getvalue
PROBE BytesIO.subclass getbuffer
PROBE BytesIO.subclass decode
PROBE BytesIO.subclass getstate
PROBE BytesIO.subclass setstate
PROBE BytesIO.subclass reset
PROBE BytesIO.subclass getstate_nl
PROBE BytesIO.subclass reduce
PROBE BytesIO.subclass sizeof
PROBE BytesIO.subclass del
PROBE StringIO.__new__ flush
PROBE StringIO.__new__ close
PROBE StringIO.__new__ detach
PROBE StringIO.__new__ seekable
PROBE StringIO.__new__ readable
PROBE StringIO.__new__ writable
PROBE StringIO.__new__ fileno
PROBE StringIO.__new__ isatty
PROBE StringIO.__new__ tell
PROBE StringIO.__new__ seek0
PROBE StringIO.__new__ truncate
PROBE StringIO.__new__ read
PROBE StringIO.__new__ read1
PROBE StringIO.__new__ readline
PROBE StringIO.__new__ readlines
PROBE StringIO.__new__ peek
PROBE StringIO.__new__ readinto
PROBE StringIO.__new__ write
PROBE StringIO.__new__ writestr
PROBE StringIO.__new__ writelines
PROBE StringIO.__new__ iter
PROBE StringIO.__new__ repr
PROBE StringIO.__new__ name
PROBE StringIO.__new__ mode
PROBE StringIO.__new__ closed
PROBE StringIO.__new__ raw
PROBE StringIO.__new__ buffer
PROBE StringIO.__new__ encoding
PROBE StringIO.__new__ errors
PROBE StringIO.__new__ newlines
PROBE StringIO.__new__ line_buffering
PROBE StringIO.__new__ chunk_size
PROBE StringIO.__new__ chunk_size_set
PROBE StringIO.__new__ reconfigure_nl
PROBE StringIO.__new__ reconfigure_enc
PROBE StringIO.__new__ getvalue
PROBE StringIO.__new__ getbuffer
PROBE StringIO.__new__ decode
PROBE StringIO.__new__ getstate
PROBE StringIO.__new__ setstate
PROBE StringIO.__new__ reset
PROBE StringIO.__new__ getstate_nl
PROBE StringIO.__new__ reduce
PROBE StringIO.__new__ sizeof
PROBE StringIO.__new__ del
PROBE StringIO.subclass flush
PROBE StringIO.subclass close
PROBE StringIO.subclass detach
PROBE StringIO.subclass seekable
PROBE StringIO.subclass readable
PROBE StringIO.subclass writable
PROBE StringIO.subclass fileno
PROBE StringIO.subclass isatty
PROBE StringIO.subclass tell
PROBE StringIO.subclass seek0
PROBE StringIO.subclass truncate
PROBE StringIO.subclass read
PROBE StringIO.subclass read1
PROBE StringIO.subclass readline
PROBE StringIO.subclass readlines
PROBE StringIO.subclass peek
PROBE StringIO.subclass readinto
PROBE StringIO.subclass write
PROBE StringIO.subclass writestr
PROBE StringIO.subclass writelines
PROBE StringIO.subclass iter
PROBE StringIO.subclass repr
PROBE StringIO.subclass name
PROBE StringIO.subclass mode
PROBE StringIO.subclass closed
PROBE StringIO.subclass raw
PROBE StringIO.subclass buffer
PROBE StringIO.subclass encoding
PROBE StringIO.subclass errors
PROBE StringIO.subclass newlines
PROBE StringIO.subclass line_buffering
PROBE StringIO.subclass chunk_size
PROBE StringIO.subclass chunk_size_set
PROBE StringIO.subclass reconfigure_nl
PROBE StringIO.subclass reconfigure_enc
PROBE StringIO.subclass getvalue
PROBE StringIO.subclass getbuffer
PROBE StringIO.subclass decode
PROBE StringIO.subclass getstate
PROBE StringIO.subclass setstate
PROBE StringIO.subclass reset
PROBE StringIO.subclass getstate_nl
PROBE StringIO.subclass reduce
PROBE StringIO.subclass sizeof
PROBE StringIO.subclass del
PROBE FileIO.__new__ flush
PROBE FileIO.__new__ close
PROBE FileIO.__new__ detach
PROBE FileIO.__new__ seekable
PROBE FileIO.__new__ readable
PROBE FileIO.__new__ writable
PROBE FileIO.__new__ fileno
PROBE FileIO.__new__ isatty
PROBE FileIO.__new__ tell
PROBE FileIO.__new__ seek0
PROBE FileIO.__new__ truncate
PROBE FileIO.__new__ read
PROBE FileIO.__new__ read1
PROBE FileIO.__new__ readline
PROBE FileIO.__new__ readlines
PROBE FileIO.__new__ peek
PROBE FileIO.__new__ readinto
PROBE FileIO.__new__ write
PROBE FileIO.__new__ writestr
PROBE FileIO.__new__ writelines
PROBE FileIO.__new__ iter
PROBE FileIO.__new__ repr
PROBE FileIO.__new__ name
PROBE FileIO.__new__ mode
PROBE FileIO.__new__ closed
PROBE FileIO.__new__ raw
PROBE FileIO.__new__ buffer
PROBE FileIO.__new__ encoding
PROBE FileIO.__new__ errors
PROBE FileIO.__new__ newlines
PROBE FileIO.__new__ line_buffering
PROBE FileIO.__new__ chunk_size
PROBE FileIO.__new__ chunk_size_set
PROBE FileIO.__new__ reconfigure_nl
PROBE FileIO.__new__ reconfigure_enc
PROBE FileIO.__new__ getvalue
PROBE FileIO.__new__ getbuffer
PROBE FileIO.__new__ decode
PROBE FileIO.__new__ getstate
PROBE FileIO.__new__ setstate
PROBE FileIO.__new__ reset
PROBE FileIO.__new__ getstate_nl
PROBE FileIO.__new__ reduce
PROBE FileIO.__new__ sizeof
PROBE FileIO.__new__ del
PROBE FileIO.subclass flush
PROBE FileIO.subclass close
PROBE FileIO.subclass detach
PROBE FileIO.subclass seekable
PROBE FileIO.subclass readable
PROBE FileIO.subclass writable
PROBE FileIO.subclass fileno
PROBE FileIO.subclass isatty
PROBE FileIO.subclass tell
PROBE FileIO.subclass seek0
PROBE FileIO.subclass truncate
PROBE FileIO.subclass read
PROBE FileIO.subclass read1
PROBE FileIO.subclass readline
PROBE FileIO.subclass readlines
PROBE FileIO.subclass peek
PROBE FileIO.subclass readinto
PROBE FileIO.subclass write
PROBE FileIO.subclass writestr
PROBE FileIO.subclass writelines
PROBE FileIO.subclass iter
PROBE FileIO.subclass repr
PROBE FileIO.subclass name
PROBE FileIO.subclass mode
PROBE FileIO.subclass closed
PROBE FileIO.subclass raw
PROBE FileIO.subclass buffer
PROBE FileIO.subclass encoding
PROBE FileIO.subclass errors
PROBE FileIO.subclass newlines
PROBE FileIO.subclass line_buffering
PROBE FileIO.subclass chunk_size
PROBE FileIO.subclass chunk_size_set
PROBE FileIO.subclass reconfigure_nl
PROBE FileIO.subclass reconfigure_enc
PROBE FileIO.subclass getvalue
PROBE FileIO.subclass getbuffer
PROBE FileIO.subclass decode
PROBE FileIO.subclass getstate
PROBE FileIO.subclass setstate
PROBE FileIO.subclass reset
PROBE FileIO.subclass getstate_nl
PROBE FileIO.subclass reduce
PROBE FileIO.subclass sizeof
PROBE FileIO.subclass del
